Release 14.7 - xst P.20131013 (lin64)
Copyright (c) 1995-2013 Xilinx, Inc.  All rights reserved.
--> 
Parameter TMPDIR set to xst/projnav.tmp


Total REAL time to Xst completion: 0.00 secs
Total CPU time to Xst completion: 0.06 secs
 
--> 
Parameter xsthdpdir set to xst


Total REAL time to Xst completion: 0.00 secs
Total CPU time to Xst completion: 0.06 secs
 
--> 
Reading design: ALU.prj

TABLE OF CONTENTS
  1) Synthesis Options Summary
  2) HDL Parsing
  3) HDL Elaboration
  4) HDL Synthesis
       4.1) HDL Synthesis Report
  5) Advanced HDL Synthesis
       5.1) Advanced HDL Synthesis Report
  6) Low Level Synthesis
  7) Partition Report
  8) Design Summary
       8.1) Primitive and Black Box Usage
       8.2) Device utilization summary
       8.3) Partition Resource Summary
       8.4) Timing Report
            8.4.1) Clock Information
            8.4.2) Asynchronous Control Signals Information
            8.4.3) Timing Summary
            8.4.4) Timing Details
            8.4.5) Cross Clock Domains Report


=========================================================================
*                      Synthesis Options Summary                        *
=========================================================================
---- Source Parameters
Input File Name                    : "ALU.prj"
Ignore Synthesis Constraint File   : NO

---- Target Parameters
Output File Name                   : "ALU"
Output Format                      : NGC
Target Device                      : xc7a100t-1-csg324

---- Source Options
Top Module Name                    : ALU
Automatic FSM Extraction           : YES
FSM Encoding Algorithm             : Auto
Safe Implementation                : No
FSM Style                          : LUT
RAM Extraction                     : Yes
RAM Style                          : Auto
ROM Extraction                     : Yes
Shift Register Extraction          : YES
ROM Style                          : Auto
Resource Sharing                   : YES
Asynchronous To Synchronous        : NO
Shift Register Minimum Size        : 2
Use DSP Block                      : Auto
Automatic Register Balancing       : No

---- Target Options
LUT Combining                      : Auto
Reduce Control Sets                : Auto
Add IO Buffers                     : YES
Global Maximum Fanout              : 100000
Add Generic Clock Buffer(BUFG)     : 32
Register Duplication               : YES
Optimize Instantiated Primitives   : NO
Use Clock Enable                   : Auto
Use Synchronous Set                : Auto
Use Synchronous Reset              : Auto
Pack IO Registers into IOBs        : Auto
Equivalent register Removal        : YES

---- General Options
Optimization Goal                  : Speed
Optimization Effort                : 1
Power Reduction                    : NO
Keep Hierarchy                     : No
Netlist Hierarchy                  : As_Optimized
RTL Output                         : Yes
Global Optimization                : AllClockNets
Read Cores                         : YES
Write Timing Constraints           : NO
Cross Clock Analysis               : NO
Hierarchy Separator                : /
Bus Delimiter                      : <>
Case Specifier                     : Maintain
Slice Utilization Ratio            : 100
BRAM Utilization Ratio             : 100
DSP48 Utilization Ratio            : 100
Auto BRAM Packing                  : NO
Slice Utilization Ratio Delta      : 5

=========================================================================


=========================================================================
*                          HDL Parsing                                  *
=========================================================================
Analyzing Verilog file "/home/sidharth/Desktop/COA/KGP_miniRISC/Lookahead_Carry_Unit.v" into library work
Parsing module <Lookahead_Carry_Unit>.
Analyzing Verilog file "/home/sidharth/Desktop/COA/KGP_miniRISC/CLA_4bit.v" into library work
Parsing module <CLA_4bit>.
Analyzing Verilog file "/home/sidharth/Desktop/COA/KGP_miniRISC/CLA_16bit.v" into library work
Parsing module <CLA_16bit>.
Analyzing Verilog file "/home/sidharth/Desktop/COA/KGP_miniRISC/encoder_32x5.v" into library work
Parsing module <encoder_32x5>.
Analyzing Verilog file "/home/sidharth/Desktop/COA/KGP_miniRISC/adder.v" into library work
Parsing module <adder>.
Analyzing Verilog file "/home/sidharth/Desktop/COA/KGP_miniRISC/shifter.v" into library work
Parsing module <shifter>.
Analyzing Verilog file "/home/sidharth/Desktop/COA/KGP_miniRISC/diff.v" into library work
Parsing module <diff>.
Analyzing Verilog file "/home/sidharth/Desktop/COA/KGP_miniRISC/ALU.v" into library work
Parsing module <ALU>.

=========================================================================
*                            HDL Elaboration                            *
=========================================================================

Elaborating module <ALU>.

Elaborating module <adder>.

Elaborating module <CLA_16bit>.

Elaborating module <CLA_4bit>.

Elaborating module <Lookahead_Carry_Unit>.

Elaborating module <shifter>.

Elaborating module <diff>.

Elaborating module <encoder_32x5>.
WARNING:HDLCompiler:189 - "/home/sidharth/Desktop/COA/KGP_miniRISC/ALU.v" Line 42: Size mismatch in connection of port <out>. Formal port size is 5-bit while actual signal size is 32-bit.

=========================================================================
*                           HDL Synthesis                               *
=========================================================================

Synthesizing Unit <ALU>.
    Related source file is "/home/sidharth/Desktop/COA/KGP_miniRISC/ALU.v".
    Found 32-bit 7-to-1 multiplexer for signal <_n0041> created at line 49.
    Summary:
	inferred   5 Multiplexer(s).
Unit <ALU> synthesized.

Synthesizing Unit <adder>.
    Related source file is "/home/sidharth/Desktop/COA/KGP_miniRISC/adder.v".
    Summary:
	no macro.
Unit <adder> synthesized.

Synthesizing Unit <CLA_16bit>.
    Related source file is "/home/sidharth/Desktop/COA/KGP_miniRISC/CLA_16bit.v".
    Summary:
	no macro.
Unit <CLA_16bit> synthesized.

Synthesizing Unit <CLA_4bit>.
    Related source file is "/home/sidharth/Desktop/COA/KGP_miniRISC/CLA_4bit.v".
    Summary:
Unit <CLA_4bit> synthesized.

Synthesizing Unit <Lookahead_Carry_Unit>.
    Related source file is "/home/sidharth/Desktop/COA/KGP_miniRISC/Lookahead_Carry_Unit.v".
    Summary:
	no macro.
Unit <Lookahead_Carry_Unit> synthesized.

Synthesizing Unit <shifter>.
    Related source file is "/home/sidharth/Desktop/COA/KGP_miniRISC/shifter.v".
    Found 32-bit shifter logical left for signal <A[31]_shamt[4]_shift_left_2_OUT> created at line 39
    Found 32-bit shifter logical right for signal <A[31]_shamt[4]_shift_right_3_OUT> created at line 42
    Summary:
	inferred   2 Multiplexer(s).
	inferred   2 Combinational logic shifter(s).
Unit <shifter> synthesized.

Synthesizing Unit <diff>.
    Related source file is "/home/sidharth/Desktop/COA/KGP_miniRISC/diff.v".
INFO:Xst:3210 - "/home/sidharth/Desktop/COA/KGP_miniRISC/diff.v" line 28: Output port <carry> of the instance <Add> is unconnected or connected to loadless signal.
    Found 32-bit comparator equal for signal <eq> created at line 36
    Summary:
	inferred   1 Comparator(s).
Unit <diff> synthesized.

Synthesizing Unit <encoder_32x5>.
    Related source file is "/home/sidharth/Desktop/COA/KGP_miniRISC/encoder_32x5.v".
    Summary:
	no macro.
Unit <encoder_32x5> synthesized.

=========================================================================
HDL Synthesis Report

Macro Statistics
# Comparators                                          : 1
 32-bit comparator equal                               : 1
# Multiplexers                                         : 7
 32-bit 2-to-1 multiplexer                             : 5
 32-bit 7-to-1 multiplexer                             : 1
 5-bit 2-to-1 multiplexer                              : 1
# Logic shifters                                       : 2
 32-bit shifter logical left                           : 1
 32-bit shifter logical right                          : 1
# Xors                                                 : 35
 32-bit xor2                                           : 3
 4-bit xor2                                            : 32

=========================================================================

=========================================================================
*                       Advanced HDL Synthesis                          *
=========================================================================


=========================================================================
Advanced HDL Synthesis Report

Macro Statistics
# Comparators                                          : 1
 32-bit comparator equal                               : 1
# Multiplexers                                         : 7
 32-bit 2-to-1 multiplexer                             : 5
 32-bit 7-to-1 multiplexer                             : 1
 5-bit 2-to-1 multiplexer                              : 1
# Logic shifters                                       : 2
 32-bit shifter logical left                           : 1
 32-bit shifter logical right                          : 1
# Xors                                                 : 35
 32-bit xor2                                           : 3
 4-bit xor2                                            : 32

=========================================================================

=========================================================================
*                         Low Level Synthesis                           *
=========================================================================

Optimizing unit <ALU> ...

Optimizing unit <diff> ...

Mapping all equations...
Building and optimizing final netlist ...
Found area constraint ratio of 100 (+ 5) on block ALU, actual ratio is 1.

Final Macro Processing ...

=========================================================================
Final Register Report

Found no macro
=========================================================================

=========================================================================
*                           Partition Report                            *
=========================================================================

Partition Implementation Status
-------------------------------

  No Partitions were found in this design.

-------------------------------

=========================================================================
*                            Design Summary                             *
=========================================================================

Top Level Output File Name         : ALU.ngc

Primitive and Black Box Usage:
------------------------------
# BELS                             : 590
#      GND                         : 1
#      LUT2                        : 53
#      LUT3                        : 26
#      LUT4                        : 35
#      LUT5                        : 167
#      LUT6                        : 293
#      MUXCY                       : 11
#      MUXF7                       : 3
#      VCC                         : 1
# IO Buffers                       : 109
#      IBUF                        : 73
#      OBUF                        : 36

Device utilization summary:
---------------------------

Selected Device : 7a100tcsg324-1 


Slice Logic Utilization: 
 Number of Slice LUTs:                  574  out of  63400     0%  
    Number used as Logic:               574  out of  63400     0%  

Slice Logic Distribution: 
 Number of LUT Flip Flop pairs used:    574
   Number with an unused Flip Flop:     574  out of    574   100%  
   Number with an unused LUT:             0  out of    574     0%  
   Number of fully used LUT-FF pairs:     0  out of    574     0%  
   Number of unique control sets:         0

IO Utilization: 
 Number of IOs:                         109
 Number of bonded IOBs:                 109  out of    210    51%  

Specific Feature Utilization:

---------------------------
Partition Resource Summary:
---------------------------

  No Partitions were found in this design.

---------------------------


=========================================================================
Timing Report

NOTE: THESE TIMING NUMBERS ARE ONLY A SYNTHESIS ESTIMATE.
      FOR ACCURATE TIMING INFORMATION PLEASE REFER TO THE TRACE REPORT
      GENERATED AFTER PLACE-and-ROUTE.

Clock Information:
------------------
No clock signals found in this design

Asynchronous Control Signals Information:
----------------------------------------
No asynchronous control signals found in this design

Timing Summary:
---------------
Speed Grade: -1

   Minimum period: No path found
   Minimum input arrival time before clock: No path found
   Maximum output required time after clock: No path found
   Maximum combinational path delay: 21.716ns

Timing Details:
---------------
All values displayed in nanoseconds (ns)

=========================================================================
Timing constraint: Default path analysis
  Total number of paths / destination ports: 449990 / 36
-------------------------------------------------------------------------
Delay:               21.716ns (Levels of Logic = 26)
  Source:            A<0> (PAD)
  Destination:       fzero (PAD)

  Data Path: A<0> to fzero
                                Gate     Net
    Cell:in->out      fanout   Delay   Delay  Logical Name (Net Name)
    ----------------------------------------  ------------
     IBUF:I->O            14   0.001   0.621  A_0_IBUF (A_0_IBUF)
     LUT2:I0->O            6   0.124   0.809  diff_1/Mxor_Xor1_0_xo<0>1 (diff_1/Add/cla_16bit_1/cla_4bit_0/c<1>)
     LUT6:I2->O            9   0.124   0.589  diff_1/Add/cla_16bit_1/cla_4bit_0/G<3>1 (diff_1/Add/cla_16bit_1/c<0>)
     LUT6:I4->O            9   0.124   0.589  diff_1/Add/cla_16bit_1/lca/cout<1><1>1 (diff_1/Add/cla_16bit_1/c<1>)
     LUT6:I4->O            9   0.124   0.589  diff_1/Add/cla_16bit_1/lca/cout<2><2>1 (diff_1/Add/cla_16bit_1/c<2>)
     LUT6:I4->O            6   0.124   0.569  diff_1/Add/cla_16bit_1/lca/gout<3>1 (diff_1/Add/G)
     LUT6:I4->O           10   0.124   0.595  diff_1/Add/cla_16bit_2/lca/cout<0>1 (diff_1/Add/cla_16bit_2/c<0>)
     LUT6:I4->O           10   0.124   0.595  diff_1/Add/cla_16bit_2/lca/cout<1><1>1 (diff_1/Add/cla_16bit_2/c<1>)
     LUT6:I4->O            4   0.124   0.939  diff_1/Add/cla_16bit_2/lca/cout<2><2>1 (diff_1/Add/cla_16bit_2/c<2>)
     LUT5:I0->O            5   0.124   0.946  diff_1/in<31>21 (diff_1/in<31>2)
     LUT5:I0->O            5   0.124   0.803  diff_1/in<31>1 (diff_1/in<31>)
     LUT6:I2->O            3   0.124   0.790  diff_1/encoder/in[31]_GND_8_o_equal_2_o<31>31 (diff_1/encoder/in[31]_GND_8_o_equal_2_o<31>3)
     LUT6:I2->O            4   0.124   0.959  diff_1/encoder/in[31]_GND_8_o_equal_10_o<31>11 (diff_1/encoder/in[31]_GND_8_o_equal_10_o<31>1)
     LUT6:I0->O            4   0.124   0.959  diff_1/encoder/in[31]_GND_8_o_equal_15_o<31>111 (diff_1/encoder/in[31]_GND_8_o_equal_15_o<31>11)
     LUT6:I0->O            4   0.124   0.939  diff_1/encoder/in[31]_GND_8_o_equal_10_o<31>211 (diff_1/encoder/in[31]_GND_8_o_equal_10_o<31>21)
     LUT6:I1->O            2   0.124   0.925  diff_1/encoder/in[31]_GND_8_o_equal_18_o<31>21 (diff_1/encoder/in[31]_GND_8_o_equal_18_o<31>2)
     LUT6:I1->O            3   0.124   0.730  diff_1/encoder/in[31]_GND_8_o_equal_6_o<31>1 (diff_1/encoder/in[31]_GND_8_o_equal_6_o)
     LUT4:I1->O            1   0.124   0.919  diff_1/encoder/_n004717 (diff_1/encoder/_n004718)
     LUT5:I0->O            1   0.124   0.939  diff_1/encoder/_n004718 (diff_1/encoder/_n004719)
     LUT6:I0->O            5   0.124   0.743  diff_1/encoder/_n004719 (diff_1/encoder/_n0047)
     LUT6:I3->O            1   0.124   0.776  Mmux_result220 (Mmux_result210)
     LUT5:I1->O            2   0.124   0.945  Mmux_result221 (result_0_OBUF)
     LUT6:I0->O            1   0.124   0.536  fzero5 (fzero5)
     LUT5:I3->O            1   0.124   0.536  fzero6 (fzero6)
     LUT5:I3->O            1   0.124   0.399  fzero7 (fzero_OBUF)
     OBUF:I->O                 0.000          fzero_OBUF (fzero)
    ----------------------------------------
    Total                     21.716ns (2.977ns logic, 18.739ns route)
                                       (13.7% logic, 86.3% route)

=========================================================================

Cross Clock Domains Report:
--------------------------

=========================================================================


Total REAL time to Xst completion: 30.00 secs
Total CPU time to Xst completion: 29.16 secs
 
--> 


Total memory usage is 481864 kilobytes

Number of errors   :    0 (   0 filtered)
Number of warnings :    1 (   0 filtered)
Number of infos    :    1 (   0 filtered)

